
> cloudmanager-accounting@0.0.0 build
> vite build

[36mvite v6.4.1 [32mbuilding for production...[36m[39m
transforming...
[32mÔ£ô[39m 24 modules transformed.
node.exe : 
[31mÔ£ù[39m Build 
failed in 630ms
At line:1 char:1
+ & "C:\Program Files\
nodejs/node.exe" 
"C:\Program 
Files\nodejs/node_mo 
...
+ ~~~~~~~~~~~~~~~~~~~~
~~~~~~~~~~~~~~~~~~~~~~
~~~~~~~~~~~~~~~~~~~~~~
~~~~~
    + CategoryInfo    
          : NotSpeci  
  fied: ([31mÔ£ù[   
 39m Build failed     
in 630ms:String)     
[], RemoteExcepti    
on
    + FullyQualifiedE 
   rrorId : NativeCo  
  mmandError
 
[31merror during 
build:
[31m[vite:esbuild] 
Transform failed with 
1 error:
C:/ABCDEERP/views/Batc
hPrintView.tsx:62:20: 
ERROR: Expected ">" 
but found "<"[31m
file: [36mC:/ABCDEERP
/views/BatchPrintView.
tsx:62:20[31m
[33m
[33mExpected ">" but 
found "<"[33m
60 |  
61 |                  
        Return to List
62 |                  
    </button>
   |                  
    ^
63 |                  
</div>
64 |  
[31m
    at 
failureErrorWithLog (C
:\ABCDEERP\node_module
s\esbuild\lib\main.js:
1467:15)
    at C:\ABCDEERP\nod
e_modules\esbuild\lib\
main.js:736:50
    at responseCallbac
ks.<computed> (C:\ABCD
EERP\node_modules\esbu
ild\lib\main.js:603:9)
    at 
handleIncomingPacket (
C:\ABCDEERP\node_modul
es\esbuild\lib\main.js
:658:12)
    at 
Socket.readFromStdout 
(C:\ABCDEERP\node_modu
les\esbuild\lib\main.j
s:581:7)
    at Socket.emit 
(node:events:508:28)
    at addChunk (node:
internal/streams/reada
ble:559:12)
    at readableAddChun
kPushByteMode (node:in
ternal/streams/readabl
e:510:3)
    at Readable.push (
node:internal/streams/
readable:390:5)
    at 
Pipe.onStreamRead (nod
e:internal/stream_base
_commons:189:23)[39m
